[{"key":"common","type":"nested","value1":null,"value2":null,"children":[{"key":"follow","type":"added","value1":null,"value2":false,"children":null},{"key":"setting1","type":"unchanged","value1":"Value 1","value2":null,"children":null},{"key":"setting2","type":"removed","value1":200,"value2":null,"children":null},{"key":"setting3","type":"updated","value1":true,"value2":null,"children":null},{"key":"setting4","type":"added","value1":null,"value2":"blah blah","children":null},{"key":"setting5","type":"added","value1":null,"value2":{"key5":"value5"},"children":null},{"key":"setting6","type":"nested","value1":null,"value2":null,"children":[{"key":"doge","type":"nested","value1":null,"value2":null,"children":[{"key":"wow","type":"updated","value1":"","value2":"so much","children":null}]},{"key":"key","type":"unchanged","value1":"value","value2":null,"children":null},{"key":"ops","type":"added","value1":null,"value2":"vops","children":null}]}]},{"key":"group1","type":"nested","value1":null,"value2":null,"children":[{"key":"baz","type":"updated","value1":"bas","value2":"bars","children":null},{"key":"foo","type":"unchanged","value1":"bar","value2":null,"children":null},{"key":"nest","type":"updated","value1":{"key":"value"},"value2":"str","children":null}]},{"key":"group2","type":"removed","value1":{"abc":12345,"deep":{"id":45}},"value2":null,"children":null},{"key":"group3","type":"added","value1":null,"value2":{"deep":{"id":{"number":45}},"fee":100500},"children":null}]